// Jest Snapshot v1, https://goo.gl/fbAQLP

exports[`Logout Page Renders spinner and calls logout 1`] = `
<div
  class="Spinner logoutPage"
>
  <div
    class="Spinner-spinner"
  >
    <svg
      viewBox="0 0 64 64"
    >
      <circle
        r="26"
        transform="translate(32,32)"
      />
    </svg>
  </div>
  <div
    class="Spinner-content"
  >
    Logging out
  </div>
</div>
`;
